// Jest Snapshot v1, https://goo.gl/fbAQLP

exports[`Logout Button shoud render logout button 1`] = `
<DocumentFragment>
  <a
    class="sc-bdfBwQ jjEszW"
    data-testid="logout-button"
  >
    Log Out
  </a>
</DocumentFragment>
`;
