// Jest Snapshot v1, https://goo.gl/fbAQLP

exports[`Login Page should render form 1`] = `
<DocumentFragment>
  <div
    class="sc-bdfBwQ fSPvzT"
  >
    <form>
      <label>
        Email Address
        <input
          data-testid="email-login"
          name="email"
          placeholder="Email Address"
          type="email"
        />
      </label>
      <label>
        Password
        <input
          data-testid="password-login"
          name="password"
          placeholder="Password"
          type="password"
        />
      </label>
      <button
        data-testid="submit-login"
        type="submit"
      >
        Submit
      </button>
    </form>
    <a
      class="sc-gsTCUz lgljSS"
      href="/sign-up"
    >
      Create Account
    </a>
  </div>
</DocumentFragment>
`;
