// Jest Snapshot v1, https://goo.gl/fbAQLP

exports[`App should render default component 1`] = `
<DocumentFragment>
  <div
    class="sc-dlfnbm hUmsUk"
    style="display: none;"
  >
    <header
      class="sc-bdfBwQ etFSeW"
    >
      Media App Header
    </header>
    <div
      class="sc-hKgILt dhzLxW"
    />
    <footer
      class="sc-gsTCUz kRYLqh"
    >
      Footer
    </footer>
  </div>
  Loading
</DocumentFragment>
`;
