// Jest Snapshot v1, https://goo.gl/fbAQLP

exports[`Prospect Page should render component 1`] = `
<DocumentFragment>
  <div>
    Prospect Page
  </div>
</DocumentFragment>
`;
