// Jest Snapshot v1, https://goo.gl/fbAQLP

exports[`Signed In Page should render component 1`] = `
<DocumentFragment>
  <div>
    Signed In Page
  </div>
</DocumentFragment>
`;
